[2026-09-14 16:45:42.502] [CRITICAL] [common.utils.log.log:handle_exception:186] [PID:41660 TID:43568] 程序发生未捕获异常: NodeNotFoundError: Migration users.0003_role dependencies reference nonexistent parent node ('users', '0002_users_last_login')
Traceback (most recent call last):
> File "D:\61\Git\dj_rbac\rbac_back\manage.py", line 22, in <module>
    main()
  File "D:\61\Git\dj_rbac\rbac_back\manage.py", line 18, in main
    execute_from_command_line(sys.argv)
  File "D:\61\language\conda\envs\django_pro\lib\site-packages\django\core\management\__init__.py", line 442, in execute_from_command_line
    utility.execute()
  File "D:\61\language\conda\envs\django_pro\lib\site-packages\django\core\management\__init__.py", line 436, in execute
    self.fetch_command(subcommand).run_from_argv(self.argv)
  File "D:\61\language\conda\envs\django_pro\lib\site-packages\django\core\management\base.py", line 416, in run_from_argv
    self.execute(*args, **cmd_options)
  File "D:\61\language\conda\envs\django_pro\lib\site-packages\django\core\management\base.py", line 460, in execute
    output = self.handle(*args, **options)
  File "D:\61\language\conda\envs\django_pro\lib\site-packages\django\core\management\base.py", line 107, in wrapper
    res = handle_func(*args, **kwargs)
  File "D:\61\language\conda\envs\django_pro\lib\site-packages\django\core\management\commands\makemigrations.py", line 140, in handle
    loader = MigrationLoader(None, ignore_no_migrations=True)
  File "D:\61\language\conda\envs\django_pro\lib\site-packages\django\db\migrations\loader.py", line 58, in __init__
    self.build_graph()
  File "D:\61\language\conda\envs\django_pro\lib\site-packages\django\db\migrations\loader.py", line 276, in build_graph
    self.graph.validate_consistency()
  File "D:\61\language\conda\envs\django_pro\lib\site-packages\django\db\migrations\graph.py", line 198, in validate_consistency
    [n.raise_error() for n in self.node_map.values() if isinstance(n, DummyNode)]
  File "D:\61\language\conda\envs\django_pro\lib\site-packages\django\db\migrations\graph.py", line 198, in <listcomp>
    [n.raise_error() for n in self.node_map.values() if isinstance(n, DummyNode)]
  File "D:\61\language\conda\envs\django_pro\lib\site-packages\django\db\migrations\graph.py", line 60, in raise_error
    raise NodeNotFoundError(self.error_message, self.key, origin=self.origin)
django.db.migrations.exceptions.NodeNotFoundError: Migration users.0003_role dependencies reference nonexistent parent node ('users', '0002_users_last_login')
[2026-09-14 16:46:13.221] [CRITICAL] [common.utils.log.log:handle_exception:186] [PID:42668 TID:43924] 程序发生未捕获异常: NodeNotFoundError: Migration users.0003_role dependencies reference nonexistent parent node ('users', '0002_users_last_login')
Traceback (most recent call last):
> File "D:\61\Git\dj_rbac\rbac_back\manage.py", line 22, in <module>
    main()
  File "D:\61\Git\dj_rbac\rbac_back\manage.py", line 18, in main
    execute_from_command_line(sys.argv)
  File "D:\61\language\conda\envs\django_pro\lib\site-packages\django\core\management\__init__.py", line 442, in execute_from_command_line
    utility.execute()
  File "D:\61\language\conda\envs\django_pro\lib\site-packages\django\core\management\__init__.py", line 436, in execute
    self.fetch_command(subcommand).run_from_argv(self.argv)
  File "D:\61\language\conda\envs\django_pro\lib\site-packages\django\core\management\base.py", line 416, in run_from_argv
    self.execute(*args, **cmd_options)
  File "D:\61\language\conda\envs\django_pro\lib\site-packages\django\core\management\base.py", line 460, in execute
    output = self.handle(*args, **options)
  File "D:\61\language\conda\envs\django_pro\lib\site-packages\django\core\management\base.py", line 107, in wrapper
    res = handle_func(*args, **kwargs)
  File "D:\61\language\conda\envs\django_pro\lib\site-packages\django\core\management\commands\makemigrations.py", line 140, in handle
    loader = MigrationLoader(None, ignore_no_migrations=True)
  File "D:\61\language\conda\envs\django_pro\lib\site-packages\django\db\migrations\loader.py", line 58, in __init__
    self.build_graph()
  File "D:\61\language\conda\envs\django_pro\lib\site-packages\django\db\migrations\loader.py", line 276, in build_graph
    self.graph.validate_consistency()
  File "D:\61\language\conda\envs\django_pro\lib\site-packages\django\db\migrations\graph.py", line 198, in validate_consistency
    [n.raise_error() for n in self.node_map.values() if isinstance(n, DummyNode)]
  File "D:\61\language\conda\envs\django_pro\lib\site-packages\django\db\migrations\graph.py", line 198, in <listcomp>
    [n.raise_error() for n in self.node_map.values() if isinstance(n, DummyNode)]
  File "D:\61\language\conda\envs\django_pro\lib\site-packages\django\db\migrations\graph.py", line 60, in raise_error
    raise NodeNotFoundError(self.error_message, self.key, origin=self.origin)
django.db.migrations.exceptions.NodeNotFoundError: Migration users.0003_role dependencies reference nonexistent parent node ('users', '0002_users_last_login')
